Microchip MPLAB XC8 Compiler V1.45 ()

Linker command line:

-W-3 --edf=C:\Program Files (x86)\Microchip\xc8\v1.45\dat\en_msgs.txt -cs \
  -h+dist/default/production\Clock_with_multiple_alarms.production.sym \
  --cmf=dist/default/production\Clock_with_multiple_alarms.production.cmf \
  -z -Q16F73 -oC:\Users\843E~1\AppData\Local\Temp\s6s0.2 \
  -Mdist/default/production/Clock_with_multiple_alarms.production.map -E1 \
  -ver=XC8 -ASTACK=0BEh-0fdh -pstack=STACK -ACODE=00h-07FFhx2 \
  -ASTRCODE=00h-0FFFh -ASTRING=00h-0FFhx16 -ACONST=00h-0FFhx16 \
  -AENTRY=00h-0FFhx16 -ABANK0=020h-07Dh -ABANK1=0A0h-0FDh \
  -ARAM=020h-07Dh,0A0h-0FDh -AABS1=020h-07Fh,0A0h-0FFh -ACOMMON=07Eh-07Fh \
  -ASFR0=00h-01Fh -ASFR1=080h-09Fh -ASFR2=0100h-017Dh -ASFR3=0180h-01FDh \
  -preset_vec=00h,intentry,init,end_init -ppowerup=CODE -pcinit=CODE \
  -pfunctab=ENTRY -ACONFIG=02007h-02007h -pconfig=CONFIG -DCONFIG=2 \
  -AIDLOC=02000h-02003h -pidloc=IDLOC -DIDLOC=2 -DCODE=2 -DSTRCODE=2 \
  -DSTRING=2 -DCONST=2 -DENTRY=2 -k \
  C:\Users\843E~1\AppData\Local\Temp\s6s0.obj \
  dist/default/production\Clock_with_multiple_alarms.production.obj 

Object code version is 3.11

Machine type is 16F73



                Name                               Link     Load   Length Selector   Space Scale
C:\Users\843E~1\AppData\Local\Temp\s6s0.obj
                end_init                              0        0        2        0       0
                config                             2007     2007        1     400E       0
dist/default/production\Clock_with_multiple_alarms.production.obj
                cinit                               7F1      7F1        F      FE2       0
                text15                              1FA      1FA       18      3F4       0
                text14                              1D5      1D5       12      3AA       0
                text13                              44B      44B       AB      896       0
                text12                              245      245       1E      48A       0
                text11                              263      263       20      4C6       0
                text10                              2F4      2F4       5B      5E8       0
                text9                               2A7      2A7       4D      54E       0
                text8                               34F      34F       6E      69E       0
                text7                               283      283       24      506       0
                text6                               1E7      1E7       13      3CE       0
                text5                               4F6      4F6       B7      9EC       0
                text4                               5AD      5AD       D2      B5A       0
                text3                               3BD      3BD       8E      77A       0
                text2                               212      212       18      424       0
                text1                               22A      22A       1B      454       0
                maintext                            67F      67F      172      CFE       0
                cstackBANK0                          20       20       47       20       1
                clrtext                             1CD      1CD        8      39A       0
                bssBANK1                             A0       A0       1E       A0       1
                bssBANK0                             67       67        D       20       1

TOTAL           Name                               Link     Load   Length     Space
        CLASS   STACK          

        CLASS   CODE           
                end_init                              0        0        2         0
                cinit                               7F1      7F1        F         0
                text15                              1FA      1FA       18         0
                text14                              1D5      1D5       12         0
                text13                              44B      44B       AB         0
                text12                              245      245       1E         0
                text11                              263      263       20         0
                text10                              2F4      2F4       5B         0
                text9                               2A7      2A7       4D         0
                text8                               34F      34F       6E         0
                text7                               283      283       24         0
                text6                               1E7      1E7       13         0
                text5                               4F6      4F6       B7         0
                text4                               5AD      5AD       D2         0
                text3                               3BD      3BD       8E         0
                text2                               212      212       18         0
                text1                               22A      22A       1B         0
                maintext                            67F      67F      172         0
                clrtext                             1CD      1CD        8         0

        CLASS   STRCODE        

        CLASS   STRING         

        CLASS   CONST          

        CLASS   ENTRY          

        CLASS   BANK0          
                cstackBANK0                          20       20       47         1
                bssBANK0                             67       67        D         1

        CLASS   BANK1          
                bssBANK1                             A0       A0       1E         1

        CLASS   RAM            

        CLASS   ABS1           
                abs_s1                               7E       7E        2         1

        CLASS   COMMON         

        CLASS   SFR0           

        CLASS   SFR1           

        CLASS   SFR2           

        CLASS   SFR3           

        CLASS   CONFIG         
                config                             2007     2007        1         0

        CLASS   IDLOC          

        CLASS   BANK3          

        CLASS   BANK2          

        CLASS   EEDATA         



SEGMENTS        Name                           Load    Length   Top    Selector   Space  Class     Delta

                reset_vec                      000000  000002  000002         0       0  CODE        2
                cstackBANK0                    000020  000054  000074        20       1  BANK0       1
                bssBANK1                       0000A0  00001E  0000BE        A0       1  BANK1       1
                clrtext                        0001CD  000008  0001D5       39A       0  CODE        2
                text14                         0001D5  000012  0001E7       3AA       0  CODE        2
                text6                          0001E7  000013  0001FA       3CE       0  CODE        2
                text15                         0001FA  000018  000212       3F4       0  CODE        2
                text2                          000212  000018  00022A       424       0  CODE        2
                text1                          00022A  00001B  000245       454       0  CODE        2
                text12                         000245  00001E  000263       48A       0  CODE        2
                text11                         000263  000020  000283       4C6       0  CODE        2
                text7                          000283  000024  0002A7       506       0  CODE        2
                text9                          0002A7  00004D  0002F4       54E       0  CODE        2
                text10                         0002F4  00005B  00034F       5E8       0  CODE        2
                text8                          00034F  00006E  0003BD       69E       0  CODE        2
                text3                          0003BD  00008E  00044B       77A       0  CODE        2
                text13                         00044B  0000AB  0004F6       896       0  CODE        2
                text5                          0004F6  0000B7  0005AD       9EC       0  CODE        2
                text4                          0005AD  0000D2  00067F       B5A       0  CODE        2
                maintext                       00067F  000172  0007F1       CFE       0  CODE        2
                cinit                          0007F1  00000F  000800       FE2       0  CODE        2
                config                         002007  000001  002008      400E       0  CONFIG      2


UNUSED ADDRESS RANGES

        Name                Unused          Largest block    Delta
        BANK0            0074-007D              A           1
        BANK1            00BE-00FD             40           1
        CODE             0002-01CC            1CB           2
                         0800-0FFF            800
        CONST            0002-01CC             FE           2
                         0800-0FFF            100
        ENTRY            0002-01CC             FE           2
                         0800-0FFF            100
        IDLOC            2000-2003              4           2
        RAM              0074-007D              A           1
                         00BE-00FD             40
        SFR0             0000-001F             20           1
        SFR1             0080-009F             20           1
        SFR2             0100-017D             7E           1
        SFR3             0180-01FD             7E           1
        STACK            00BE-00FD             40           1
        STRCODE          0002-01CC            1CB           2
                         0800-0FFF            800
        STRING           0002-01CC             FE           2
                         0800-0FFF            100

                                  Symbol Table

?___awdiv                cstackBANK0  0020
?___awmod                cstackBANK0  0029
?___awtoft               cstackBANK0  0028
?___ftdiv                cstackBANK0  003E
?___ftmul                cstackBANK0  002E
?___ftpack               cstackBANK0  0020
?___fttol                cstackBANK0  004E
LCD_SetPos@x             cstackBANK0  0025
LCD_SetPos@y             cstackBANK0  0024
LCD_String@i             cstackBANK0  0026
LCD_String@st            cstackBANK0  0025
LCD_delay@i              cstackBANK0  0020
_ADCS0                   (abs)        00FE
_ADCS1                   (abs)        00FF
_ADON                    (abs)        00F8
_ADRES                   (abs)        001E
_CHS0                    (abs)        00FB
_CHS1                    (abs)        00FC
_CHS2                    (abs)        00FD
_GO                      (abs)        00FA
_LCD_Init                text13       044B
_LCD_SetPos              text12       0245
_LCD_String              text11       0263
_LCD_delay               text15       01FA
_PCFG0                   (abs)        04F8
_PCFG1                   (abs)        04F9
_PCFG2                   (abs)        04FA
_PORTA                   (abs)        0005
_PORTB                   (abs)        0006
_PORTCbits               (abs)        0007
_RC6                     (abs)        003E
_RC7                     (abs)        003F
_TMR0                    (abs)        0001
_TRISA                   (abs)        0085
_TRISB                   (abs)        0086
_TRISC                   (abs)        0087
__CFG_BOREN$OFF          (abs)        0000
__CFG_CP$OFF             (abs)        0000
__CFG_FOSC$HS            (abs)        0000
__CFG_PWRTE$ON           (abs)        0000
__CFG_WDTE$OFF           (abs)        0000
__Habs1                  abs1         0000
__Hbank0                 bank0        0000
__Hbank1                 bank1        0000
__Hbank2                 bank2        0000
__Hbank3                 bank3        0000
__HbssBANK0              bssBANK0     0000
__HbssBANK1              bssBANK1     0000
__Hcinit                 cinit        0800
__Hclrtext               clrtext      0000
__Hcode                  code         0000
__Hcommon                common       0000
__Hconfig                config       2008
__HcstackBANK0           cstackBANK0  0000
__HcstackCOMMON          cstackCOMMON 0000
__Heeprom_data           eeprom_data  0000
__Hend_init              end_init     0002
__Hfunctab               functab      0000
__Hidloc                 idloc        0000
__Hinit                  init         0000
__Hintentry              intentry     0000
__Hmaintext              maintext     0000
__Hpowerup               powerup      0000
__Hram                   ram          0000
__Hreset_vec             reset_vec    0000
__Hsfr0                  sfr0         0000
__Hsfr1                  sfr1         0000
__Hsfr2                  sfr2         0000
__Hsfr3                  sfr3         0000
__Hspace_0               (abs)        2008
__Hspace_1               (abs)        00BE
__Hspace_2               (abs)        0000
__Hspace_3               (abs)        0000
__Hstack                 stack        0000
__Hstrings               strings      0000
__Htext                  text         0000
__Labs1                  abs1         0000
__Lbank0                 bank0        0000
__Lbank1                 bank1        0000
__Lbank2                 bank2        0000
__Lbank3                 bank3        0000
__LbssBANK0              bssBANK0     0000
__LbssBANK1              bssBANK1     0000
__Lcinit                 cinit        07F1
__Lclrtext               clrtext      0000
__Lcode                  code         0000
__Lcommon                common       0000
__Lconfig                config       2007
__LcstackBANK0           cstackBANK0  0000
__LcstackCOMMON          cstackCOMMON 0000
__Leeprom_data           eeprom_data  0000
__Lend_init              end_init     0000
__Lfunctab               functab      0000
__Lidloc                 idloc        0000
__Linit                  init         0000
__Lintentry              intentry     0000
__Lmaintext              maintext     0000
__Lpowerup               powerup      0000
__Lram                   ram          0000
__Lreset_vec             reset_vec    0000
__Lsfr0                  sfr0         0000
__Lsfr1                  sfr1         0000
__Lsfr2                  sfr2         0000
__Lsfr3                  sfr3         0000
__Lspace_0               (abs)        0000
__Lspace_1               (abs)        0000
__Lspace_2               (abs)        0000
__Lspace_3               (abs)        0000
__Lstack                 stack        0000
__Lstrings               strings      0000
__Ltext                  text         0000
__S0                     (abs)        2008
__S1                     (abs)        00BE
__S2                     (abs)        0000
___awdiv                 text10       02F4
___awdiv@counter         cstackBANK0  0025
___awdiv@dividend        cstackBANK0  0022
___awdiv@divisor         cstackBANK0  0020
___awdiv@quotient        cstackBANK0  0027
___awdiv@sign            cstackBANK0  0026
___awmod                 text9        02A7
___awmod@counter         cstackBANK0  002E
___awmod@dividend        cstackBANK0  002B
___awmod@divisor         cstackBANK0  0029
___awmod@sign            cstackBANK0  002F
___awtoft                text7        0283
___awtoft@c              cstackBANK0  0028
___awtoft@sign           cstackBANK0  002D
___bmul                  text6        01E7
___bmul@multiplicand     cstackBANK0  0020
___bmul@multiplier       cstackBANK0  0023
___bmul@product          cstackBANK0  0022
___ftdiv                 text5        04F6
___ftdiv@cntr            cstackBANK0  0048
___ftdiv@exp             cstackBANK0  004C
___ftdiv@f1              cstackBANK0  0041
___ftdiv@f2              cstackBANK0  003E
___ftdiv@f3              cstackBANK0  0049
___ftdiv@sign            cstackBANK0  004D
___ftmul                 text4        05AD
___ftmul@cntr            cstackBANK0  003C
___ftmul@exp             cstackBANK0  0038
___ftmul@f1              cstackBANK0  002E
___ftmul@f2              cstackBANK0  0031
___ftmul@f3_as_product   cstackBANK0  0039
___ftmul@sign            cstackBANK0  003D
___ftpack                text8        034F
___ftpack@arg            cstackBANK0  0020
___ftpack@exp            cstackBANK0  0023
___ftpack@sign           cstackBANK0  0024
___fttol                 text3        03BD
___fttol@exp1            cstackBANK0  005B
___fttol@f1              cstackBANK0  004E
___fttol@lval            cstackBANK0  0057
___fttol@sign1           cstackBANK0  0056
___int_sp                stack        0000
___latbits               (abs)        0001
___sp                    stack        0000
__end_of_LCD_Init        text13       04F6
__end_of_LCD_SetPos      text12       0263
__end_of_LCD_String      text11       0283
__end_of_LCD_delay       text15       0212
__end_of___awdiv         text10       034F
__end_of___awmod         text9        02F4
__end_of___awtoft        text7        02A7
__end_of___bmul          text6        01FA
__end_of___ftdiv         text5        05AD
__end_of___ftmul         text4        067F
__end_of___ftpack        text8        03BD
__end_of___fttol         text3        044B
__end_of__initialization cinit        07FD
__end_of_delay           text2        022A
__end_of_main            maintext     07F1
__end_of_sendbyte        text14       01E7
__end_of_sendbytee       text1        0245
__initialization         cinit        07F1
__pbssBANK0              bssBANK0     0067
__pbssBANK1              bssBANK1     00A0
__pcstackBANK0           cstackBANK0  0020
__pcstackCOMMON          cstackCOMMON 0000
__pmaintext              maintext     067F
__ptext1                 text1        022A
__ptext10                text10       02F4
__ptext11                text11       0263
__ptext12                text12       0245
__ptext13                text13       044B
__ptext14                text14       01D5
__ptext15                text15       01FA
__ptext2                 text2        0212
__ptext3                 text3        03BD
__ptext4                 text4        05AD
__ptext5                 text5        04F6
__ptext6                 text6        01E7
__ptext7                 text7        0283
__ptext8                 text8        034F
__ptext9                 text9        02A7
__size_of_LCD_Init       (abs)        0000
__size_of_LCD_SetPos     (abs)        0000
__size_of_LCD_String     (abs)        0000
__size_of_LCD_delay      (abs)        0000
__size_of___awdiv        (abs)        0000
__size_of___awmod        (abs)        0000
__size_of___awtoft       (abs)        0000
__size_of___bmul         (abs)        0000
__size_of___ftdiv        (abs)        0000
__size_of___ftmul        (abs)        0000
__size_of___ftpack       (abs)        0000
__size_of___fttol        (abs)        0000
__size_of_delay          (abs)        0000
__size_of_main           (abs)        0000
__size_of_sendbyte       (abs)        0000
__size_of_sendbytee      (abs)        0000
_delay                   text2        0212
_main                    maintext     067F
_sendbyte                text14       01D5
_sendbytee               text1        022A
_str03                   bssBANK0     006D
_t                       bssBANK0     006A
_ut                      bssBANK0     0069
_y                       bssBANK0     006B
btemp                    (abs)        007E
clear_ram0               clrtext      01CD
delay@i                  cstackBANK0  0020
end_of_initialization    cinit        07FD
intlevel0                functab      0000
intlevel1                functab      0000
intlevel2                functab      0000
intlevel3                functab      0000
intlevel4                functab      0000
intlevel5                functab      0000
main@adc_data            cstackBANK0  0063
main@adc_data2           cstackBANK0  0065
main@adc_data_raw        cstackBANK0  0060
main@ch                  cstackBANK0  0062
reset_vec                reset_vec    0000
sendbyte@c               cstackBANK0  0023
sendbyte@mode            cstackBANK0  0022
sendbytee@c              cstackBANK0  0033
sendbytee@mode           cstackBANK0  0030
stackhi                  (abs)        0000
stacklo                  (abs)        0000
start                    init         0000
start_initialization     cinit        07F1
wtemp0                   (abs)        007E


FUNCTION INFORMATION:

 *************** function _main *****************
 Defined at:
		line 294 in file "main.c"
 Parameters:    Size  Location     Type
		None
 Auto vars:     Size  Location     Type
  adc_data2       2   69[BANK0 ] int 
  adc_data        2   67[BANK0 ] int 
  adc_data_raw    2   64[BANK0 ] int 
  ch              1   66[BANK0 ] unsigned char 
 Return value:  Size  Location     Type
                  1    wreg      void 
 Registers used:
		wreg, fsr0l, fsr0h, status,2, status,0, btemp+1, pclath, cstack
 Tracked objects:
		On entry : 
		On exit  : 
		Unchanged: 
 Data sizes:     COMMON   BANK0   BANK1
      Params:         0       0       0
      Locals:         0       7       0
      Temps:          0       4       0
      Totals:         0      11       0
Total ram usage:       11 bytes
 Hardware stack levels required when called:    3
 This function calls:
		_LCD_Init
		_LCD_SetPos
		_LCD_String
		___awdiv
		___awmod
		___awtoft
		___bmul
		___ftdiv
		___ftmul
		___fttol
		_delay
		_sendbytee
 This function is called by:
		Startup code after reset
 This function uses a non-reentrant model


 *************** function _sendbytee *****************
 Defined at:
		line 32 in file "main.c"
 Parameters:    Size  Location     Type
  c               1    wreg     unsigned char 
  mode            1   16[BANK0 ] unsigned char 
 Auto vars:     Size  Location     Type
  c               1   19[BANK0 ] unsigned char 
 Return value:  Size  Location     Type
                  1    wreg      void 
 Registers used:
		wreg, status,2, status,0
 Tracked objects:
		On entry : 
		On exit  : 
		Unchanged: 
 Data sizes:     COMMON   BANK0   BANK1
      Params:         0       1       0
      Locals:         0       1       0
      Temps:          0       2       0
      Totals:         0       4       0
Total ram usage:        4 bytes
 Hardware stack levels used:    1
 This function calls:
		Nothing
 This function is called by:
		_main
		_segchar
 This function uses a non-reentrant model


 *************** function _delay *****************
 Defined at:
		line 26 in file "main.c"
 Parameters:    Size  Location     Type
		None
 Auto vars:     Size  Location     Type
  i               2    0[BANK0 ] int 
 Return value:  Size  Location     Type
                  1    wreg      void 
 Registers used:
		wreg, status,2, btemp+1
 Tracked objects:
		On entry : 
		On exit  : 
		Unchanged: 
 Data sizes:     COMMON   BANK0   BANK1
      Params:         0       0       0
      Locals:         0       2       0
      Temps:          0       0       0
      Totals:         0       2       0
Total ram usage:        2 bytes
 Hardware stack levels used:    1
 This function calls:
		Nothing
 This function is called by:
		_main
 This function uses a non-reentrant model


 *************** function ___fttol *****************
 Defined at:
		line 44 in file "C:\Program Files (x86)\Microchip\xc8\v1.45\sources\common\fttol.c"
 Parameters:    Size  Location     Type
  f1              3   46[BANK0 ] float 
 Auto vars:     Size  Location     Type
  lval            4   55[BANK0 ] unsigned long 
  exp1            1   59[BANK0 ] unsigned char 
  sign1           1   54[BANK0 ] unsigned char 
 Return value:  Size  Location     Type
                  4   46[BANK0 ] long 
 Registers used:
		wreg, status,2, status,0
 Tracked objects:
		On entry : 
		On exit  : 
		Unchanged: 
 Data sizes:     COMMON   BANK0   BANK1
      Params:         0       4       0
      Locals:         0       6       0
      Temps:          0       4       0
      Totals:         0      14       0
Total ram usage:       14 bytes
 Hardware stack levels used:    1
 This function calls:
		Nothing
 This function is called by:
		_main
 This function uses a non-reentrant model


 *************** function ___ftmul *****************
 Defined at:
		line 62 in file "C:\Program Files (x86)\Microchip\xc8\v1.45\sources\common\ftmul.c"
 Parameters:    Size  Location     Type
  f1              3   14[BANK0 ] float 
  f2              3   17[BANK0 ] float 
 Auto vars:     Size  Location     Type
  f3_as_produc    3   25[BANK0 ] unsigned um
  sign            1   29[BANK0 ] unsigned char 
  cntr            1   28[BANK0 ] unsigned char 
  exp             1   24[BANK0 ] unsigned char 
 Return value:  Size  Location     Type
                  3   14[BANK0 ] float 
 Registers used:
		wreg, status,2, status,0, pclath, cstack
 Tracked objects:
		On entry : 
		On exit  : 
		Unchanged: 
 Data sizes:     COMMON   BANK0   BANK1
      Params:         0       6       0
      Locals:         0       6       0
      Temps:          0       4       0
      Totals:         0      16       0
Total ram usage:       16 bytes
 Hardware stack levels used:    1
 Hardware stack levels required when called:    1
 This function calls:
		___ftpack
 This function is called by:
		_main
 This function uses a non-reentrant model


 *************** function ___ftdiv *****************
 Defined at:
		line 56 in file "C:\Program Files (x86)\Microchip\xc8\v1.45\sources\common\ftdiv.c"
 Parameters:    Size  Location     Type
  f2              3   30[BANK0 ] float 
  f1              3   33[BANK0 ] float 
 Auto vars:     Size  Location     Type
  f3              3   41[BANK0 ] float 
  sign            1   45[BANK0 ] unsigned char 
  exp             1   44[BANK0 ] unsigned char 
  cntr            1   40[BANK0 ] unsigned char 
 Return value:  Size  Location     Type
                  3   30[BANK0 ] float 
 Registers used:
		wreg, status,2, status,0, pclath, cstack
 Tracked objects:
		On entry : 
		On exit  : 
		Unchanged: 
 Data sizes:     COMMON   BANK0   BANK1
      Params:         0       6       0
      Locals:         0       6       0
      Temps:          0       4       0
      Totals:         0      16       0
Total ram usage:       16 bytes
 Hardware stack levels used:    1
 Hardware stack levels required when called:    1
 This function calls:
		___ftpack
 This function is called by:
		_main
 This function uses a non-reentrant model


 *************** function ___bmul *****************
 Defined at:
		line 4 in file "C:\Program Files (x86)\Microchip\xc8\v1.45\sources\common\Umul8.c"
 Parameters:    Size  Location     Type
  multiplier      1    wreg     unsigned char 
  multiplicand    1    0[BANK0 ] unsigned char 
 Auto vars:     Size  Location     Type
  multiplier      1    3[BANK0 ] unsigned char 
  product         1    2[BANK0 ] unsigned char 
 Return value:  Size  Location     Type
                  1    wreg      unsigned char 
 Registers used:
		wreg, status,2, status,0
 Tracked objects:
		On entry : 
		On exit  : 
		Unchanged: 
 Data sizes:     COMMON   BANK0   BANK1
      Params:         0       1       0
      Locals:         0       2       0
      Temps:          0       1       0
      Totals:         0       4       0
Total ram usage:        4 bytes
 Hardware stack levels used:    1
 This function calls:
		Nothing
 This function is called by:
		_main
 This function uses a non-reentrant model


 *************** function ___awtoft *****************
 Defined at:
		line 32 in file "C:\Program Files (x86)\Microchip\xc8\v1.45\sources\common\awtoft.c"
 Parameters:    Size  Location     Type
  c               2    8[BANK0 ] int 
 Auto vars:     Size  Location     Type
  sign            1   13[BANK0 ] unsigned char 
 Return value:  Size  Location     Type
                  3    8[BANK0 ] float 
 Registers used:
		wreg, status,2, status,0, pclath, cstack
 Tracked objects:
		On entry : 
		On exit  : 
		Unchanged: 
 Data sizes:     COMMON   BANK0   BANK1
      Params:         0       3       0
      Locals:         0       1       0
      Temps:          0       2       0
      Totals:         0       6       0
Total ram usage:        6 bytes
 Hardware stack levels used:    1
 Hardware stack levels required when called:    1
 This function calls:
		___ftpack
 This function is called by:
		_main
 This function uses a non-reentrant model


 *************** function ___ftpack *****************
 Defined at:
		line 62 in file "C:\Program Files (x86)\Microchip\xc8\v1.45\sources\common\float.c"
 Parameters:    Size  Location     Type
  arg             3    0[BANK0 ] unsigned um
  exp             1    3[BANK0 ] unsigned char 
  sign            1    4[BANK0 ] unsigned char 
 Auto vars:     Size  Location     Type
		None
 Return value:  Size  Location     Type
                  3    0[BANK0 ] float 
 Registers used:
		wreg, status,2, status,0
 Tracked objects:
		On entry : 
		On exit  : 
		Unchanged: 
 Data sizes:     COMMON   BANK0   BANK1
      Params:         0       5       0
      Locals:         0       0       0
      Temps:          0       3       0
      Totals:         0       8       0
Total ram usage:        8 bytes
 Hardware stack levels used:    1
 This function calls:
		Nothing
 This function is called by:
		___awtoft
		___ftdiv
		___ftmul
 This function uses a non-reentrant model


 *************** function ___awmod *****************
 Defined at:
		line 6 in file "C:\Program Files (x86)\Microchip\xc8\v1.45\sources\common\awmod.c"
 Parameters:    Size  Location     Type
  divisor         2    9[BANK0 ] int 
  dividend        2   11[BANK0 ] int 
 Auto vars:     Size  Location     Type
  sign            1   15[BANK0 ] unsigned char 
  counter         1   14[BANK0 ] unsigned char 
 Return value:  Size  Location     Type
                  2    9[BANK0 ] int 
 Registers used:
		wreg, status,2, status,0
 Tracked objects:
		On entry : 
		On exit  : 
		Unchanged: 
 Data sizes:     COMMON   BANK0   BANK1
      Params:         0       4       0
      Locals:         0       2       0
      Temps:          0       1       0
      Totals:         0       7       0
Total ram usage:        7 bytes
 Hardware stack levels used:    1
 This function calls:
		Nothing
 This function is called by:
		_main
 This function uses a non-reentrant model


 *************** function ___awdiv *****************
 Defined at:
		line 6 in file "C:\Program Files (x86)\Microchip\xc8\v1.45\sources\common\awdiv.c"
 Parameters:    Size  Location     Type
  divisor         2    0[BANK0 ] int 
  dividend        2    2[BANK0 ] int 
 Auto vars:     Size  Location     Type
  quotient        2    7[BANK0 ] int 
  sign            1    6[BANK0 ] unsigned char 
  counter         1    5[BANK0 ] unsigned char 
 Return value:  Size  Location     Type
                  2    0[BANK0 ] int 
 Registers used:
		wreg, status,2, status,0
 Tracked objects:
		On entry : 
		On exit  : 
		Unchanged: 
 Data sizes:     COMMON   BANK0   BANK1
      Params:         0       4       0
      Locals:         0       4       0
      Temps:          0       1       0
      Totals:         0       9       0
Total ram usage:        9 bytes
 Hardware stack levels used:    1
 This function calls:
		Nothing
 This function is called by:
		_main
 This function uses a non-reentrant model


 *************** function _LCD_String *****************
 Defined at:
		line 87 in file "lcd.c"
 Parameters:    Size  Location     Type
  st              1    wreg     PTR unsigned char 
		 -> str03(7), 
 Auto vars:     Size  Location     Type
  st              1    5[BANK0 ] PTR unsigned char 
		 -> str03(7), 
  i               1    6[BANK0 ] unsigned char 
 Return value:  Size  Location     Type
                  1    wreg      void 
 Registers used:
		wreg, fsr0l, fsr0h, status,2, status,0, btemp+1, pclath, cstack
 Tracked objects:
		On entry : 
		On exit  : 
		Unchanged: 
 Data sizes:     COMMON   BANK0   BANK1
      Params:         0       0       0
      Locals:         0       2       0
      Temps:          0       1       0
      Totals:         0       3       0
Total ram usage:        3 bytes
 Hardware stack levels used:    1
 Hardware stack levels required when called:    2
 This function calls:
		_sendbyte
 This function is called by:
		_main
 This function uses a non-reentrant model


 *************** function _LCD_SetPos *****************
 Defined at:
		line 74 in file "lcd.c"
 Parameters:    Size  Location     Type
  x               1    wreg     unsigned char 
  y               1    4[BANK0 ] unsigned char 
 Auto vars:     Size  Location     Type
  x               1    5[BANK0 ] unsigned char 
 Return value:  Size  Location     Type
                  1    wreg      void 
 Registers used:
		wreg, fsr0l, fsr0h, status,2, status,0, btemp+1, pclath, cstack
 Tracked objects:
		On entry : 
		On exit  : 
		Unchanged: 
 Data sizes:     COMMON   BANK0   BANK1
      Params:         0       1       0
      Locals:         0       1       0
      Temps:          0       0       0
      Totals:         0       2       0
Total ram usage:        2 bytes
 Hardware stack levels used:    1
 Hardware stack levels required when called:    2
 This function calls:
		_sendbyte
 This function is called by:
		_main
		_segchar
 This function uses a non-reentrant model


 *************** function _LCD_Init *****************
 Defined at:
		line 23 in file "lcd.c"
 Parameters:    Size  Location     Type
		None
 Auto vars:     Size  Location     Type
		None
 Return value:  Size  Location     Type
                  1    wreg      void 
 Registers used:
		wreg, status,2, status,0, btemp+1, pclath, cstack
 Tracked objects:
		On entry : 
		On exit  : 
		Unchanged: 
 Data sizes:     COMMON   BANK0   BANK1
      Params:         0       0       0
      Locals:         0       0       0
      Temps:          0       2       0
      Totals:         0       2       0
Total ram usage:        2 bytes
 Hardware stack levels used:    1
 Hardware stack levels required when called:    2
 This function calls:
		_sendbyte
 This function is called by:
		_main
 This function uses a non-reentrant model


 *************** function _sendbyte *****************
 Defined at:
		line 12 in file "lcd.c"
 Parameters:    Size  Location     Type
  c               1    wreg     unsigned char 
  mode            1    2[BANK0 ] unsigned char 
 Auto vars:     Size  Location     Type
  c               1    3[BANK0 ] unsigned char 
 Return value:  Size  Location     Type
                  1    wreg      void 
 Registers used:
		wreg, status,2, status,0, btemp+1, pclath, cstack
 Tracked objects:
		On entry : 
		On exit  : 
		Unchanged: 
 Data sizes:     COMMON   BANK0   BANK1
      Params:         0       1       0
      Locals:         0       1       0
      Temps:          0       0       0
      Totals:         0       2       0
Total ram usage:        2 bytes
 Hardware stack levels used:    1
 Hardware stack levels required when called:    1
 This function calls:
		_LCD_delay
 This function is called by:
		_LCD_Init
		_LCD_SetPos
		_LCD_String
 This function uses a non-reentrant model


 *************** function _LCD_delay *****************
 Defined at:
		line 7 in file "lcd.c"
 Parameters:    Size  Location     Type
		None
 Auto vars:     Size  Location     Type
  i               2    0[BANK0 ] int 
 Return value:  Size  Location     Type
                  1    wreg      void 
 Registers used:
		wreg, status,2, btemp+1
 Tracked objects:
		On entry : 
		On exit  : 
		Unchanged: 
 Data sizes:     COMMON   BANK0   BANK1
      Params:         0       0       0
      Locals:         0       2       0
      Temps:          0       0       0
      Totals:         0       2       0
Total ram usage:        2 bytes
 Hardware stack levels used:    1
 This function calls:
		Nothing
 This function is called by:
		_sendbyte
 This function uses a non-reentrant model



MODULE INFORMATION

Module		Function		Class		Link	Load	Size
C:\Program Files (x86)\Microchip\xc8\v1.45\sources\common\float.c
		___ftpack      		CODE           	034F	0000	111

C:\Program Files (x86)\Microchip\xc8\v1.45\sources\common\float.c estimated size: 111

C:\Program Files (x86)\Microchip\xc8\v1.45\sources\common\ftmul.c
		___ftmul       		CODE           	05AD	0000	211

C:\Program Files (x86)\Microchip\xc8\v1.45\sources\common\ftmul.c estimated size: 211

C:\Program Files (x86)\Microchip\xc8\v1.45\sources\common\awmod.c
		___awmod       		CODE           	02A7	0000	78

C:\Program Files (x86)\Microchip\xc8\v1.45\sources\common\awmod.c estimated size: 78

C:\Program Files (x86)\Microchip\xc8\v1.45\sources\common\ftdiv.c
		___ftdiv       		CODE           	04F6	0000	184

C:\Program Files (x86)\Microchip\xc8\v1.45\sources\common\ftdiv.c estimated size: 184

shared
		__initialization		CODE           	07F1	0000	13

shared estimated size: 13

C:\Program Files (x86)\Microchip\xc8\v1.45\sources\common\fttol.c
		___fttol       		CODE           	03BD	0000	143

C:\Program Files (x86)\Microchip\xc8\v1.45\sources\common\fttol.c estimated size: 143

C:\Program Files (x86)\Microchip\xc8\v1.45\sources\common\awtoft.c
		___awtoft      		CODE           	0283	0000	37

C:\Program Files (x86)\Microchip\xc8\v1.45\sources\common\awtoft.c estimated size: 37

C:\Program Files (x86)\Microchip\xc8\v1.45\sources\common\awdiv.c
		___awdiv       		CODE           	02F4	0000	92

C:\Program Files (x86)\Microchip\xc8\v1.45\sources\common\awdiv.c estimated size: 92

lcd.c
		_LCD_String    		CODE           	0263	0000	33
		_LCD_Init      		CODE           	044B	0000	172
		_sendbyte      		CODE           	01D5	0000	19
		_LCD_SetPos    		CODE           	0245	0000	31
		_LCD_delay     		CODE           	01FA	0000	25

lcd.c estimated size: 280

C:\Program Files (x86)\Microchip\xc8\v1.45\sources\common\Umul8.c
		___bmul        		CODE           	01E7	0000	20

C:\Program Files (x86)\Microchip\xc8\v1.45\sources\common\Umul8.c estimated size: 20

main.c
		_sendbytee     		CODE           	022A	0000	28
		_delay         		CODE           	0212	0000	25
		_main          		CODE           	067F	0000	371

main.c estimated size: 424

