Microchip MPLAB XC8 Compiler V1.45 ()

Linker command line:

-W-3 --edf=C:\Program Files (x86)\Microchip\xc8\v1.45\dat\en_msgs.txt -cs \
  -h+dist/default/production\LR5_9.X.production.sym \
  --cmf=dist/default/production\LR5_9.X.production.cmf -z -Q16F73 \
  -oC:\Users\843E~1\AppData\Local\Temp\s81s.2 \
  -Mdist/default/production/LR5_9.X.production.map -E1 -ver=XC8 \
  -ASTACK=0C2h-0fdh -pstack=STACK -ACODE=00h-07FFhx2 -ASTRCODE=00h-0FFFh \
  -ASTRING=00h-0FFhx16 -ACONST=00h-0FFhx16 -AENTRY=00h-0FFhx16 \
  -ABANK0=020h-07Dh -ABANK1=0A0h-0FDh -ARAM=020h-07Dh,0A0h-0FDh \
  -AABS1=020h-07Fh,0A0h-0FFh -ACOMMON=07Eh-07Fh -ASFR0=00h-01Fh \
  -ASFR1=080h-09Fh -ASFR2=0100h-017Dh -ASFR3=0180h-01FDh \
  -preset_vec=00h,intentry,init,end_init -ppowerup=CODE -pcinit=CODE \
  -pfunctab=ENTRY -ACONFIG=02007h-02007h -pconfig=CONFIG -DCONFIG=2 \
  -AIDLOC=02000h-02003h -pidloc=IDLOC -DIDLOC=2 -DCODE=2 -DSTRCODE=2 \
  -DSTRING=2 -DCONST=2 -DENTRY=2 -k \
  C:\Users\843E~1\AppData\Local\Temp\s81s.obj \
  dist/default/production\LR5_9.X.production.obj 

Object code version is 3.11

Machine type is 16F73



                Name                               Link     Load   Length Selector   Space Scale
C:\Users\843E~1\AppData\Local\Temp\s81s.obj
                end_init                              0        0        2        0       0
                config                             2007     2007        1     400E       0
dist/default/production\LR5_9.X.production.obj
                cinit                               7E6      7E6       1A      FCC       0
                text16                              DC9      DC9       18     1B92       0
                text15                              D8D      D8D       12     1B1A       0
                text14                               1C       1C       AB       38       0
                text13                              E1A      E1A       20     1C34       0
                text12                              EA9      EA9       5B     1D52       0
                text11                              E5C      E5C       4D     1CB8       0
                text10                              D9F      D9F       13     1B3E       0
                text9                               F04      F04       6E     1E08       0
                text8                                C7       C7       B7      18E       0
                text7                               17E      17E       D2      2FC       0
                text6                               F72      F72       8E     1EE4       0
                text5                               DB2      DB2       17     1B64       0
                text4                                 4        4       18        8       0
                text3                               DFC      DFC       1E     1BF8       0
                text2                               DE1      DE1       1B     1BC2       0
                swtext1                             800      800       3E     1000       0
                text1                               4B6      4B6      330      96C       0
                maintext                            250      250      266      4A0       0
                cstackBANK0                          20       20       43       20       1
                inittext                            D7D      D7D       10     1AFA       0
                dataBANK1                            A0       A0       22       A0       1
                bssBANK0                             63       63        C       20       1
                idataBANK1                          E3A      E3A       22     1C74       0

TOTAL           Name                               Link     Load   Length     Space
        CLASS   STACK          

        CLASS   CODE           
                end_init                              0        0        2         0
                cinit                               7E6      7E6       1A         0
                text16                              DC9      DC9       18         0
                text15                              D8D      D8D       12         0
                text14                               1C       1C       AB         0
                text13                              E1A      E1A       20         0
                text12                              EA9      EA9       5B         0
                text11                              E5C      E5C       4D         0
                text10                              D9F      D9F       13         0
                text9                               F04      F04       6E         0
                text8                                C7       C7       B7         0
                text7                               17E      17E       D2         0
                text6                               F72      F72       8E         0
                text5                               DB2      DB2       17         0
                text4                                 4        4       18         0
                text3                               DFC      DFC       1E         0
                text2                               DE1      DE1       1B         0
                text1                               4B6      4B6      330         0
                maintext                            250      250      266         0
                inittext                            D7D      D7D       10         0
                idataBANK1                          E3A      E3A       22         0

        CLASS   STRCODE        

        CLASS   STRING         

        CLASS   CONST          
                swtext1                             800      800       3E         0

        CLASS   ENTRY          

        CLASS   BANK0          
                cstackBANK0                          20       20       43         1
                bssBANK0                             63       63        C         1

        CLASS   BANK1          
                dataBANK1                            A0       A0       22         1

        CLASS   RAM            

        CLASS   ABS1           
                abs_s1                               7E       7E        2         1

        CLASS   COMMON         

        CLASS   SFR0           

        CLASS   SFR1           

        CLASS   SFR2           

        CLASS   SFR3           

        CLASS   CONFIG         
                config                             2007     2007        1         0

        CLASS   IDLOC          

        CLASS   BANK3          

        CLASS   BANK2          

        CLASS   EEDATA         



SEGMENTS        Name                           Load    Length   Top    Selector   Space  Class     Delta

                reset_vec                      000000  000002  000002         0       0  CODE        2
                text4                          000004  000018  00001C         8       0  CODE        2
                cstackBANK0                    000020  00004F  00006F        20       1  BANK0       1
                text14                         00001C  0000AB  0000C7        38       0  CODE        2
                dataBANK1                      0000A0  000022  0000C2        A0       1  BANK1       1
                text8                          0000C7  0000B7  00017E       18E       0  CODE        2
                text7                          00017E  0000D2  000250       2FC       0  CODE        2
                maintext                       000250  000266  0004B6       4A0       0  CODE        2
                text1                          0004B6  000330  0007E6       96C       0  CODE        2
                cinit                          0007E6  00001A  000800       FCC       0  CODE        2
                swtext1                        000800  00003E  00083E      1000       0  CONST       2
                inittext                       000D7D  000010  000D8D      1AFA       0  CODE        2
                text15                         000D8D  000012  000D9F      1B1A       0  CODE        2
                text10                         000D9F  000013  000DB2      1B3E       0  CODE        2
                text5                          000DB2  000017  000DC9      1B64       0  CODE        2
                text16                         000DC9  000018  000DE1      1B92       0  CODE        2
                text2                          000DE1  00001B  000DFC      1BC2       0  CODE        2
                text3                          000DFC  00001E  000E1A      1BF8       0  CODE        2
                text13                         000E1A  000020  000E3A      1C34       0  CODE        2
                idataBANK1                     000E3A  000022  000E5C      1C74       0  CODE        2
                text11                         000E5C  00004D  000EA9      1CB8       0  CODE        2
                text12                         000EA9  00005B  000F04      1D52       0  CODE        2
                text9                          000F04  00006E  000F72      1E08       0  CODE        2
                text6                          000F72  00008E  001000      1EE4       0  CODE        2
                config                         002007  000001  002008      400E       0  CONFIG      2


UNUSED ADDRESS RANGES

        Name                Unused          Largest block    Delta
        BANK0            006F-007D              F           1
        BANK1            00C2-00FD             3C           1
        CODE             0002-0003              2           2
                         083E-0D7C            53F
        CONST            0002-0003              2           2
                         083E-0D7C            100
        ENTRY            0002-0003              2           2
                         083E-0D7C            100
        IDLOC            2000-2003              4           2
        RAM              006F-007D              F           1
                         00C2-00FD             3C
        SFR0             0000-001F             20           1
        SFR1             0080-009F             20           1
        SFR2             0100-017D             7E           1
        SFR3             0180-01FD             7E           1
        STACK            00C2-00FD             3C           1
        STRCODE          0002-0003              2           2
                         083E-0D7C            53F
        STRING           0002-0003              2           2
                         083E-0D7C            100

                                  Symbol Table

?___awdiv                cstackBANK0  0020
?___awmod                cstackBANK0  0024
?___ftdiv                cstackBANK0  0038
?___ftmul                cstackBANK0  0028
?___ftpack               cstackBANK0  0020
?___fttol                cstackBANK0  0048
?___lwtoft               cstackBANK0  0028
LCD_SetPos@x             cstackBANK0  0025
LCD_SetPos@y             cstackBANK0  0024
LCD_String@i             cstackBANK0  0026
LCD_String@st            cstackBANK0  0025
LCD_delay@i              cstackBANK0  0020
_ADCS0                   (abs)        00FE
_ADCS1                   (abs)        00FF
_ADON                    (abs)        00F8
_ADRES                   (abs)        001E
_CHS0                    (abs)        00FB
_CHS1                    (abs)        00FC
_CHS2                    (abs)        00FD
_GO                      (abs)        00FA
_LCD_Init                text14       001C
_LCD_SetPos              text3        0DFC
_LCD_String              text13       0E1A
_LCD_delay               text16       0DC9
_PCFG0                   (abs)        04F8
_PCFG1                   (abs)        04F9
_PCFG2                   (abs)        04FA
_PORTA                   (abs)        0005
_PORTB                   (abs)        0006
_PORTCbits               (abs)        0007
_RC6                     (abs)        003E
_RC7                     (abs)        003F
_TRISA                   (abs)        0085
_TRISB                   (abs)        0086
_TRISC                   (abs)        0087
__CFG_BOREN$OFF          (abs)        0000
__CFG_CP$OFF             (abs)        0000
__CFG_FOSC$HS            (abs)        0000
__CFG_PWRTE$ON           (abs)        0000
__CFG_WDTE$OFF           (abs)        0000
__Habs1                  abs1         0000
__Hbank0                 bank0        0000
__Hbank1                 bank1        0000
__Hbank2                 bank2        0000
__Hbank3                 bank3        0000
__HbssBANK0              bssBANK0     0000
__Hcinit                 cinit        0800
__Hclrtext               clrtext      0000
__Hcode                  code         0000
__Hcommon                common       0000
__Hconfig                config       2008
__HcstackBANK0           cstackBANK0  0000
__HcstackCOMMON          cstackCOMMON 0000
__HdataBANK1             dataBANK1    0000
__Heeprom_data           eeprom_data  0000
__Hend_init              end_init     0002
__Hfunctab               functab      0000
__HidataBANK1            idataBANK1   0000
__Hidloc                 idloc        0000
__Hinit                  init         0000
__Hinittext              inittext     0000
__Hintentry              intentry     0000
__Hmaintext              maintext     0000
__Hpowerup               powerup      0000
__Hram                   ram          0000
__Hreset_vec             reset_vec    0000
__Hsfr0                  sfr0         0000
__Hsfr1                  sfr1         0000
__Hsfr2                  sfr2         0000
__Hsfr3                  sfr3         0000
__Hspace_0               (abs)        2008
__Hspace_1               (abs)        00C2
__Hspace_2               (abs)        0000
__Hspace_3               (abs)        0000
__Hstack                 stack        0000
__Hstrings               strings      0000
__Htext                  text         0000
__Labs1                  abs1         0000
__Lbank0                 bank0        0000
__Lbank1                 bank1        0000
__Lbank2                 bank2        0000
__Lbank3                 bank3        0000
__LbssBANK0              bssBANK0     0000
__Lcinit                 cinit        07E6
__Lclrtext               clrtext      0000
__Lcode                  code         0000
__Lcommon                common       0000
__Lconfig                config       2007
__LcstackBANK0           cstackBANK0  0000
__LcstackCOMMON          cstackCOMMON 0000
__LdataBANK1             dataBANK1    0000
__Leeprom_data           eeprom_data  0000
__Lend_init              end_init     0000
__Lfunctab               functab      0000
__LidataBANK1            idataBANK1   0000
__Lidloc                 idloc        0000
__Linit                  init         0000
__Linittext              inittext     0000
__Lintentry              intentry     0000
__Lmaintext              maintext     0000
__Lpowerup               powerup      0000
__Lram                   ram          0000
__Lreset_vec             reset_vec    0000
__Lsfr0                  sfr0         0000
__Lsfr1                  sfr1         0000
__Lsfr2                  sfr2         0000
__Lsfr3                  sfr3         0000
__Lspace_0               (abs)        0000
__Lspace_1               (abs)        0000
__Lspace_2               (abs)        0000
__Lspace_3               (abs)        0000
__Lstack                 stack        0000
__Lstrings               strings      0000
__Ltext                  text         0000
__S0                     (abs)        2008
__S1                     (abs)        00C2
__S2                     (abs)        0000
___awdiv                 text12       0EA9
___awdiv@counter         cstackBANK0  0025
___awdiv@dividend        cstackBANK0  0022
___awdiv@divisor         cstackBANK0  0020
___awdiv@quotient        cstackBANK0  0027
___awdiv@sign            cstackBANK0  0026
___awmod                 text11       0E5C
___awmod@counter         cstackBANK0  0029
___awmod@dividend        cstackBANK0  0026
___awmod@divisor         cstackBANK0  0024
___awmod@sign            cstackBANK0  002A
___bmul                  text10       0D9F
___bmul@multiplicand     cstackBANK0  0020
___bmul@multiplier       cstackBANK0  0023
___bmul@product          cstackBANK0  0022
___ftdiv                 text8        00C7
___ftdiv@cntr            cstackBANK0  0042
___ftdiv@exp             cstackBANK0  0046
___ftdiv@f1              cstackBANK0  003B
___ftdiv@f2              cstackBANK0  0038
___ftdiv@f3              cstackBANK0  0043
___ftdiv@sign            cstackBANK0  0047
___ftmul                 text7        017E
___ftmul@cntr            cstackBANK0  0036
___ftmul@exp             cstackBANK0  0032
___ftmul@f1              cstackBANK0  0028
___ftmul@f2              cstackBANK0  002B
___ftmul@f3_as_product   cstackBANK0  0033
___ftmul@sign            cstackBANK0  0037
___ftpack                text9        0F04
___ftpack@arg            cstackBANK0  0020
___ftpack@exp            cstackBANK0  0023
___ftpack@sign           cstackBANK0  0024
___fttol                 text6        0F72
___fttol@exp1            cstackBANK0  0055
___fttol@f1              cstackBANK0  0048
___fttol@lval            cstackBANK0  0051
___fttol@sign1           cstackBANK0  0050
___int_sp                stack        0000
___latbits               (abs)        0001
___lwtoft                text5        0DB2
___lwtoft@c              cstackBANK0  0028
___sp                    stack        0000
__end_of_LCD_Init        text14       00C7
__end_of_LCD_SetPos      text3        0E1A
__end_of_LCD_String      text13       0E3A
__end_of_LCD_delay       text16       0DE1
__end_of___awdiv         text12       0F04
__end_of___awmod         text11       0EA9
__end_of___bmul          text10       0DB2
__end_of___ftdiv         text8        017E
__end_of___ftmul         text7        0250
__end_of___ftpack        text9        0F72
__end_of___fttol         text6        1000
__end_of___lwtoft        text5        0DC9
__end_of__initialization cinit        07FD
__end_of_delay           text4        001C
__end_of_main            maintext     04B6
__end_of_segchar         text1        07E6
__end_of_sendbyte        text15       0D9F
__end_of_sendbytee       text2        0DFC
__initialization         cinit        07E6
__pbssBANK0              bssBANK0     0063
__pcstackBANK0           cstackBANK0  0020
__pcstackCOMMON          cstackCOMMON 0000
__pdataBANK1             dataBANK1    00A0
__pidataBANK1            idataBANK1   0E3A
__pmaintext              maintext     0250
__pswtext1               swtext1      0800
__ptext1                 text1        04B6
__ptext10                text10       0D9F
__ptext11                text11       0E5C
__ptext12                text12       0EA9
__ptext13                text13       0E1A
__ptext14                text14       001C
__ptext15                text15       0D8D
__ptext16                text16       0DC9
__ptext2                 text2        0DE1
__ptext3                 text3        0DFC
__ptext4                 text4        0004
__ptext5                 text5        0DB2
__ptext6                 text6        0F72
__ptext7                 text7        017E
__ptext8                 text8        00C7
__ptext9                 text9        0F04
__size_of_LCD_Init       (abs)        0000
__size_of_LCD_SetPos     (abs)        0000
__size_of_LCD_String     (abs)        0000
__size_of_LCD_delay      (abs)        0000
__size_of___awdiv        (abs)        0000
__size_of___awmod        (abs)        0000
__size_of___bmul         (abs)        0000
__size_of___ftdiv        (abs)        0000
__size_of___ftmul        (abs)        0000
__size_of___ftpack       (abs)        0000
__size_of___fttol        (abs)        0000
__size_of___lwtoft       (abs)        0000
__size_of_delay          (abs)        0000
__size_of_main           (abs)        0000
__size_of_segchar        (abs)        0000
__size_of_sendbyte       (abs)        0000
__size_of_sendbytee      (abs)        0000
_delay                   text4        0004
_main                    maintext     0250
_segchar                 text1        04B6
_sendbyte                text15       0D8D
_sendbytee               text2        0DE1
_str01                   bssBANK0     0065
_str02                   dataBANK1    00A0
_t                       bssBANK0     0063
_y                       bssBANK0     0064
btemp                    (abs)        007E
delay@i                  cstackBANK0  0020
end_of_initialization    cinit        07FD
init_fetch0              inittext     0D7D
init_ram0                inittext     0D81
intlevel0                functab      0000
intlevel1                functab      0000
intlevel2                functab      0000
intlevel3                functab      0000
intlevel4                functab      0000
intlevel5                functab      0000
main@adc_data            cstackBANK0  0060
main@adc_data2           cstackBANK0  005F
main@adc_data_raw        cstackBANK0  005C
main@ch                  cstackBANK0  005A
main@l                   cstackBANK0  0061
reset_vec                reset_vec    0000
segchar@adc_data         cstackBANK0  002F
sendbyte@c               cstackBANK0  0023
sendbyte@mode            cstackBANK0  0022
sendbytee@c              cstackBANK0  002E
sendbytee@mode           cstackBANK0  002B
stackhi                  (abs)        0000
stacklo                  (abs)        0000
start                    init         0000
start_initialization     cinit        07E6
wtemp0                   (abs)        007E


FUNCTION INFORMATION:

 *************** function _main *****************
 Defined at:
		line 287 in file "main.c"
 Parameters:    Size  Location     Type
		None
 Auto vars:     Size  Location     Type
  ch              2   58[BANK0 ] unsigned int 
  adc_data_raw    3   60[BANK0 ] float 
  l               2   65[BANK0 ] unsigned int 
  adc_data        1   64[BANK0 ] unsigned char 
  adc_data2       1   63[BANK0 ] unsigned char 
 Return value:  Size  Location     Type
                  1    wreg      void 
 Registers used:
		wreg, fsr0l, fsr0h, status,2, status,0, btemp+1, pclath, cstack
 Tracked objects:
		On entry : 
		On exit  : 
		Unchanged: 
 Data sizes:     COMMON   BANK0   BANK1
      Params:         0       0       0
      Locals:         0       9       0
      Temps:          0       4       0
      Totals:         0      13       0
Total ram usage:       13 bytes
 Hardware stack levels required when called:    4
 This function calls:
		_LCD_Init
		_LCD_SetPos
		_LCD_String
		___awdiv
		___awmod
		___bmul
		___ftdiv
		___ftmul
		___fttol
		___lwtoft
		_delay
		_segchar
		_sendbytee
 This function is called by:
		Startup code after reset
 This function uses a non-reentrant model


 *************** function _segchar *****************
 Defined at:
		line 40 in file "main.c"
 Parameters:    Size  Location     Type
  adc_data        2   15[BANK0 ] unsigned int 
 Auto vars:     Size  Location     Type
		None
 Return value:  Size  Location     Type
                  1    wreg      void 
 Registers used:
		wreg, fsr0l, fsr0h, status,2, status,0, btemp+1, pclath, cstack
 Tracked objects:
		On entry : 
		On exit  : 
		Unchanged: 
 Data sizes:     COMMON   BANK0   BANK1
      Params:         0       2       0
      Locals:         0       0       0
      Temps:          0       1       0
      Totals:         0       3       0
Total ram usage:        3 bytes
 Hardware stack levels used:    1
 Hardware stack levels required when called:    3
 This function calls:
		_LCD_SetPos
		_sendbytee
 This function is called by:
		_main
 This function uses a non-reentrant model


 *************** function _sendbytee *****************
 Defined at:
		line 30 in file "main.c"
 Parameters:    Size  Location     Type
  c               1    wreg     unsigned char 
  mode            1   11[BANK0 ] unsigned char 
 Auto vars:     Size  Location     Type
  c               1   14[BANK0 ] unsigned char 
 Return value:  Size  Location     Type
                  1    wreg      void 
 Registers used:
		wreg, status,2, status,0
 Tracked objects:
		On entry : 
		On exit  : 
		Unchanged: 
 Data sizes:     COMMON   BANK0   BANK1
      Params:         0       1       0
      Locals:         0       1       0
      Temps:          0       2       0
      Totals:         0       4       0
Total ram usage:        4 bytes
 Hardware stack levels used:    1
 This function calls:
		Nothing
 This function is called by:
		_segchar
		_main
 This function uses a non-reentrant model


 *************** function _LCD_SetPos *****************
 Defined at:
		line 73 in file "lcd.c"
 Parameters:    Size  Location     Type
  x               1    wreg     unsigned char 
  y               1    4[BANK0 ] unsigned char 
 Auto vars:     Size  Location     Type
  x               1    5[BANK0 ] unsigned char 
 Return value:  Size  Location     Type
                  1    wreg      void 
 Registers used:
		wreg, fsr0l, fsr0h, status,2, status,0, btemp+1, pclath, cstack
 Tracked objects:
		On entry : 
		On exit  : 
		Unchanged: 
 Data sizes:     COMMON   BANK0   BANK1
      Params:         0       1       0
      Locals:         0       1       0
      Temps:          0       0       0
      Totals:         0       2       0
Total ram usage:        2 bytes
 Hardware stack levels used:    1
 Hardware stack levels required when called:    2
 This function calls:
		_sendbyte
 This function is called by:
		_segchar
		_main
 This function uses a non-reentrant model


 *************** function _delay *****************
 Defined at:
		line 23 in file "main.c"
 Parameters:    Size  Location     Type
		None
 Auto vars:     Size  Location     Type
  i               2    0[BANK0 ] int 
 Return value:  Size  Location     Type
                  1    wreg      void 
 Registers used:
		wreg, status,2, btemp+1
 Tracked objects:
		On entry : 
		On exit  : 
		Unchanged: 
 Data sizes:     COMMON   BANK0   BANK1
      Params:         0       0       0
      Locals:         0       2       0
      Temps:          0       0       0
      Totals:         0       2       0
Total ram usage:        2 bytes
 Hardware stack levels used:    1
 This function calls:
		Nothing
 This function is called by:
		_main
 This function uses a non-reentrant model


 *************** function ___lwtoft *****************
 Defined at:
		line 28 in file "C:\Program Files (x86)\Microchip\xc8\v1.45\sources\common\lwtoft.c"
 Parameters:    Size  Location     Type
  c               2    8[BANK0 ] unsigned int 
 Auto vars:     Size  Location     Type
		None
 Return value:  Size  Location     Type
                  3    8[BANK0 ] float 
 Registers used:
		wreg, status,2, status,0, pclath, cstack
 Tracked objects:
		On entry : 
		On exit  : 
		Unchanged: 
 Data sizes:     COMMON   BANK0   BANK1
      Params:         0       3       0
      Locals:         0       0       0
      Temps:          0       1       0
      Totals:         0       4       0
Total ram usage:        4 bytes
 Hardware stack levels used:    1
 Hardware stack levels required when called:    1
 This function calls:
		___ftpack
 This function is called by:
		_main
 This function uses a non-reentrant model


 *************** function ___fttol *****************
 Defined at:
		line 44 in file "C:\Program Files (x86)\Microchip\xc8\v1.45\sources\common\fttol.c"
 Parameters:    Size  Location     Type
  f1              3   40[BANK0 ] float 
 Auto vars:     Size  Location     Type
  lval            4   49[BANK0 ] unsigned long 
  exp1            1   53[BANK0 ] unsigned char 
  sign1           1   48[BANK0 ] unsigned char 
 Return value:  Size  Location     Type
                  4   40[BANK0 ] long 
 Registers used:
		wreg, status,2, status,0
 Tracked objects:
		On entry : 
		On exit  : 
		Unchanged: 
 Data sizes:     COMMON   BANK0   BANK1
      Params:         0       4       0
      Locals:         0       6       0
      Temps:          0       4       0
      Totals:         0      14       0
Total ram usage:       14 bytes
 Hardware stack levels used:    1
 This function calls:
		Nothing
 This function is called by:
		_main
 This function uses a non-reentrant model


 *************** function ___ftmul *****************
 Defined at:
		line 62 in file "C:\Program Files (x86)\Microchip\xc8\v1.45\sources\common\ftmul.c"
 Parameters:    Size  Location     Type
  f1              3    8[BANK0 ] float 
  f2              3   11[BANK0 ] float 
 Auto vars:     Size  Location     Type
  f3_as_produc    3   19[BANK0 ] unsigned um
  sign            1   23[BANK0 ] unsigned char 
  cntr            1   22[BANK0 ] unsigned char 
  exp             1   18[BANK0 ] unsigned char 
 Return value:  Size  Location     Type
                  3    8[BANK0 ] float 
 Registers used:
		wreg, status,2, status,0, pclath, cstack
 Tracked objects:
		On entry : 
		On exit  : 
		Unchanged: 
 Data sizes:     COMMON   BANK0   BANK1
      Params:         0       6       0
      Locals:         0       6       0
      Temps:          0       4       0
      Totals:         0      16       0
Total ram usage:       16 bytes
 Hardware stack levels used:    1
 Hardware stack levels required when called:    1
 This function calls:
		___ftpack
 This function is called by:
		_main
 This function uses a non-reentrant model


 *************** function ___ftdiv *****************
 Defined at:
		line 56 in file "C:\Program Files (x86)\Microchip\xc8\v1.45\sources\common\ftdiv.c"
 Parameters:    Size  Location     Type
  f2              3   24[BANK0 ] float 
  f1              3   27[BANK0 ] float 
 Auto vars:     Size  Location     Type
  f3              3   35[BANK0 ] float 
  sign            1   39[BANK0 ] unsigned char 
  exp             1   38[BANK0 ] unsigned char 
  cntr            1   34[BANK0 ] unsigned char 
 Return value:  Size  Location     Type
                  3   24[BANK0 ] float 
 Registers used:
		wreg, status,2, status,0, pclath, cstack
 Tracked objects:
		On entry : 
		On exit  : 
		Unchanged: 
 Data sizes:     COMMON   BANK0   BANK1
      Params:         0       6       0
      Locals:         0       6       0
      Temps:          0       4       0
      Totals:         0      16       0
Total ram usage:       16 bytes
 Hardware stack levels used:    1
 Hardware stack levels required when called:    1
 This function calls:
		___ftpack
 This function is called by:
		_main
 This function uses a non-reentrant model


 *************** function ___ftpack *****************
 Defined at:
		line 62 in file "C:\Program Files (x86)\Microchip\xc8\v1.45\sources\common\float.c"
 Parameters:    Size  Location     Type
  arg             3    0[BANK0 ] unsigned um
  exp             1    3[BANK0 ] unsigned char 
  sign            1    4[BANK0 ] unsigned char 
 Auto vars:     Size  Location     Type
		None
 Return value:  Size  Location     Type
                  3    0[BANK0 ] float 
 Registers used:
		wreg, status,2, status,0
 Tracked objects:
		On entry : 
		On exit  : 
		Unchanged: 
 Data sizes:     COMMON   BANK0   BANK1
      Params:         0       5       0
      Locals:         0       0       0
      Temps:          0       3       0
      Totals:         0       8       0
Total ram usage:        8 bytes
 Hardware stack levels used:    1
 This function calls:
		Nothing
 This function is called by:
		___ftdiv
		___ftmul
		___lwtoft
 This function uses a non-reentrant model


 *************** function ___bmul *****************
 Defined at:
		line 4 in file "C:\Program Files (x86)\Microchip\xc8\v1.45\sources\common\Umul8.c"
 Parameters:    Size  Location     Type
  multiplier      1    wreg     unsigned char 
  multiplicand    1    0[BANK0 ] unsigned char 
 Auto vars:     Size  Location     Type
  multiplier      1    3[BANK0 ] unsigned char 
  product         1    2[BANK0 ] unsigned char 
 Return value:  Size  Location     Type
                  1    wreg      unsigned char 
 Registers used:
		wreg, status,2, status,0
 Tracked objects:
		On entry : 
		On exit  : 
		Unchanged: 
 Data sizes:     COMMON   BANK0   BANK1
      Params:         0       1       0
      Locals:         0       2       0
      Temps:          0       1       0
      Totals:         0       4       0
Total ram usage:        4 bytes
 Hardware stack levels used:    1
 This function calls:
		Nothing
 This function is called by:
		_main
 This function uses a non-reentrant model


 *************** function ___awmod *****************
 Defined at:
		line 6 in file "C:\Program Files (x86)\Microchip\xc8\v1.45\sources\common\awmod.c"
 Parameters:    Size  Location     Type
  divisor         2    4[BANK0 ] int 
  dividend        2    6[BANK0 ] int 
 Auto vars:     Size  Location     Type
  sign            1   10[BANK0 ] unsigned char 
  counter         1    9[BANK0 ] unsigned char 
 Return value:  Size  Location     Type
                  2    4[BANK0 ] int 
 Registers used:
		wreg, status,2, status,0
 Tracked objects:
		On entry : 
		On exit  : 
		Unchanged: 
 Data sizes:     COMMON   BANK0   BANK1
      Params:         0       4       0
      Locals:         0       2       0
      Temps:          0       1       0
      Totals:         0       7       0
Total ram usage:        7 bytes
 Hardware stack levels used:    1
 This function calls:
		Nothing
 This function is called by:
		_main
 This function uses a non-reentrant model


 *************** function ___awdiv *****************
 Defined at:
		line 6 in file "C:\Program Files (x86)\Microchip\xc8\v1.45\sources\common\awdiv.c"
 Parameters:    Size  Location     Type
  divisor         2    0[BANK0 ] int 
  dividend        2    2[BANK0 ] int 
 Auto vars:     Size  Location     Type
  quotient        2    7[BANK0 ] int 
  sign            1    6[BANK0 ] unsigned char 
  counter         1    5[BANK0 ] unsigned char 
 Return value:  Size  Location     Type
                  2    0[BANK0 ] int 
 Registers used:
		wreg, status,2, status,0
 Tracked objects:
		On entry : 
		On exit  : 
		Unchanged: 
 Data sizes:     COMMON   BANK0   BANK1
      Params:         0       4       0
      Locals:         0       4       0
      Temps:          0       1       0
      Totals:         0       9       0
Total ram usage:        9 bytes
 Hardware stack levels used:    1
 This function calls:
		Nothing
 This function is called by:
		_main
 This function uses a non-reentrant model


 *************** function _LCD_String *****************
 Defined at:
		line 86 in file "lcd.c"
 Parameters:    Size  Location     Type
  st              1    wreg     PTR unsigned char 
		 -> str01(10), 
 Auto vars:     Size  Location     Type
  st              1    5[BANK0 ] PTR unsigned char 
		 -> str01(10), 
  i               1    6[BANK0 ] unsigned char 
 Return value:  Size  Location     Type
                  1    wreg      void 
 Registers used:
		wreg, fsr0l, fsr0h, status,2, status,0, btemp+1, pclath, cstack
 Tracked objects:
		On entry : 
		On exit  : 
		Unchanged: 
 Data sizes:     COMMON   BANK0   BANK1
      Params:         0       0       0
      Locals:         0       2       0
      Temps:          0       1       0
      Totals:         0       3       0
Total ram usage:        3 bytes
 Hardware stack levels used:    1
 Hardware stack levels required when called:    2
 This function calls:
		_sendbyte
 This function is called by:
		_main
 This function uses a non-reentrant model


 *************** function _LCD_Init *****************
 Defined at:
		line 22 in file "lcd.c"
 Parameters:    Size  Location     Type
		None
 Auto vars:     Size  Location     Type
		None
 Return value:  Size  Location     Type
                  1    wreg      void 
 Registers used:
		wreg, status,2, status,0, btemp+1, pclath, cstack
 Tracked objects:
		On entry : 
		On exit  : 
		Unchanged: 
 Data sizes:     COMMON   BANK0   BANK1
      Params:         0       0       0
      Locals:         0       0       0
      Temps:          0       2       0
      Totals:         0       2       0
Total ram usage:        2 bytes
 Hardware stack levels used:    1
 Hardware stack levels required when called:    2
 This function calls:
		_sendbyte
 This function is called by:
		_main
 This function uses a non-reentrant model


 *************** function _sendbyte *****************
 Defined at:
		line 12 in file "lcd.c"
 Parameters:    Size  Location     Type
  c               1    wreg     unsigned char 
  mode            1    2[BANK0 ] unsigned char 
 Auto vars:     Size  Location     Type
  c               1    3[BANK0 ] unsigned char 
 Return value:  Size  Location     Type
                  1    wreg      void 
 Registers used:
		wreg, status,2, status,0, btemp+1, pclath, cstack
 Tracked objects:
		On entry : 
		On exit  : 
		Unchanged: 
 Data sizes:     COMMON   BANK0   BANK1
      Params:         0       1       0
      Locals:         0       1       0
      Temps:          0       0       0
      Totals:         0       2       0
Total ram usage:        2 bytes
 Hardware stack levels used:    1
 Hardware stack levels required when called:    1
 This function calls:
		_LCD_delay
 This function is called by:
		_LCD_Init
		_LCD_SetPos
		_LCD_String
 This function uses a non-reentrant model


 *************** function _LCD_delay *****************
 Defined at:
		line 7 in file "lcd.c"
 Parameters:    Size  Location     Type
		None
 Auto vars:     Size  Location     Type
  i               2    0[BANK0 ] int 
 Return value:  Size  Location     Type
                  1    wreg      void 
 Registers used:
		wreg, status,2, btemp+1
 Tracked objects:
		On entry : 
		On exit  : 
		Unchanged: 
 Data sizes:     COMMON   BANK0   BANK1
      Params:         0       0       0
      Locals:         0       2       0
      Temps:          0       0       0
      Totals:         0       2       0
Total ram usage:        2 bytes
 Hardware stack levels used:    1
 This function calls:
		Nothing
 This function is called by:
		_sendbyte
 This function uses a non-reentrant model



MODULE INFORMATION

Module		Function		Class		Link	Load	Size
C:\Program Files (x86)\Microchip\xc8\v1.45\sources\common\float.c
		___ftpack      		CODE           	0F04	0000	111

C:\Program Files (x86)\Microchip\xc8\v1.45\sources\common\float.c estimated size: 111

C:\Program Files (x86)\Microchip\xc8\v1.45\sources\common\ftmul.c
		___ftmul       		CODE           	017E	0000	211

C:\Program Files (x86)\Microchip\xc8\v1.45\sources\common\ftmul.c estimated size: 211

C:\Program Files (x86)\Microchip\xc8\v1.45\sources\common\awmod.c
		___awmod       		CODE           	0E5C	0000	78

C:\Program Files (x86)\Microchip\xc8\v1.45\sources\common\awmod.c estimated size: 78

C:\Program Files (x86)\Microchip\xc8\v1.45\sources\common\ftdiv.c
		___ftdiv       		CODE           	00C7	0000	184

C:\Program Files (x86)\Microchip\xc8\v1.45\sources\common\ftdiv.c estimated size: 184

shared
		__initialization		CODE           	07E6	0000	24

shared estimated size: 24

C:\Program Files (x86)\Microchip\xc8\v1.45\sources\common\fttol.c
		___fttol       		CODE           	0F72	0000	143

C:\Program Files (x86)\Microchip\xc8\v1.45\sources\common\fttol.c estimated size: 143

C:\Program Files (x86)\Microchip\xc8\v1.45\sources\common\awdiv.c
		___awdiv       		CODE           	0EA9	0000	92

C:\Program Files (x86)\Microchip\xc8\v1.45\sources\common\awdiv.c estimated size: 92

lcd.c
		_LCD_String    		CODE           	0E1A	0000	33
		_LCD_Init      		CODE           	001C	0000	172
		_sendbyte      		CODE           	0D8D	0000	19
		_LCD_SetPos    		CODE           	0DFC	0000	31
		_LCD_delay     		CODE           	0DC9	0000	25

lcd.c estimated size: 280

C:\Program Files (x86)\Microchip\xc8\v1.45\sources\common\Umul8.c
		___bmul        		CODE           	0D9F	0000	20

C:\Program Files (x86)\Microchip\xc8\v1.45\sources\common\Umul8.c estimated size: 20

main.c
		_sendbytee     		CODE           	0DE1	0000	28
		_segchar       		CODE           	04B6	0000	817
		_delay         		CODE           	0004	0000	25
		_main          		CODE           	0250	0000	615

main.c estimated size: 1485

C:\Program Files (x86)\Microchip\xc8\v1.45\sources\common\lwtoft.c
		___lwtoft      		CODE           	0DB2	0000	24

C:\Program Files (x86)\Microchip\xc8\v1.45\sources\common\lwtoft.c estimated size: 24

